Traceback (most recent call last):
  File "/home/marialei/mcmule-environment/bin/pymule", line 8, in <module>
    sys.exit(main())
             ^^^^^^
  File "/home/marialei/mcmule-environment/lib/python3.12/site-packages/pymule/cmd/__main__.py", line 37, in main
    parsed.func(parsed)
  File "/home/marialei/mcmule-environment/lib/python3.12/site-packages/pymule/batch/__init__.py", line 31, in main
    for job in DSL(fp.read()).jobs
               ^^^^^^^^^^^^^^
  File "/home/marialei/mcmule-environment/lib/python3.12/site-packages/pymule/batch/dsl.py", line 342, in __init__
    root.process_root()
  File "/home/marialei/mcmule-environment/lib/python3.12/site-packages/pymule/batch/dsl.py", line 270, in process_root
    self.jobs = [i for i in super().process(self.variables) if i]
                ^^^^^^^^^^^^^^^^^^^^^^^^^^^^^^^^^^^^^^^^^^^^^^^^^
  File "/home/marialei/mcmule-environment/lib/python3.12/site-packages/pymule/batch/dsl.py", line 261, in process
    yield from child.process(variables)
  File "/home/marialei/mcmule-environment/lib/python3.12/site-packages/pymule/batch/dsl.py", line 121, in process
    self.config = tomllib.load(fp)
                  ^^^^^^^^^^^^^^^^
  File "/usr/lib/python3.12/tomllib/_parser.py", line 66, in load
    return loads(s, parse_float=parse_float)
           ^^^^^^^^^^^^^^^^^^^^^^^^^^^^^^^^^
  File "/usr/lib/python3.12/tomllib/_parser.py", line 127, in loads
    raise suffixed_err(
tomllib.TOMLDecodeError: Expected newline or end of document after a statement (at line 16, column 48)
Starting job mp2mp0-X1.0D1.0-S92338-O0_1771952533 at 1771952533.8577452
Starting job mp2mp0-X1.0D1.0-S52674-O0_1771952533 at 1771952534.8612087
Starting job mp2mpF-X0.1D0.1-S36990-O0_1771952533 at 1771952535.8624177
Starting job mp2mpF-X0.1D0.1-S65388-O0_1771952533 at 1771952536.8671055
Starting job mp2mpR-X0.1D0.1-S50636-O0_1771952862 at 1771952862.4911518
Starting job mp2mpR-X0.1D0.1-S61580-O0_1771952862 at 1771952863.4918785
Starting job mp2mpA-X1.0D1.0-S78242-O0_1771952862 at 1771952864.4926977
Starting job mp2mpA-X1.0D1.0-S37264-O0_1771952862 at 1771952865.4976668
