Traceback (most recent call last):
  File "/home/marialei/mcmule-environment/bin/pymule", line 8, in <module>
    sys.exit(main())
             ^^^^^^
  File "/home/marialei/mcmule-environment/lib/python3.12/site-packages/pymule/cmd/__main__.py", line 37, in main
    parsed.func(parsed)
  File "/home/marialei/mcmule-environment/lib/python3.12/site-packages/pymule/batch/__init__.py", line 31, in main
    for job in DSL(fp.read()).jobs
               ^^^^^^^^^^^^^^
  File "/home/marialei/mcmule-environment/lib/python3.12/site-packages/pymule/batch/dsl.py", line 342, in __init__
    root.process_root()
  File "/home/marialei/mcmule-environment/lib/python3.12/site-packages/pymule/batch/dsl.py", line 270, in process_root
    self.jobs = [i for i in super().process(self.variables) if i]
                ^^^^^^^^^^^^^^^^^^^^^^^^^^^^^^^^^^^^^^^^^^^^^^^^^
  File "/home/marialei/mcmule-environment/lib/python3.12/site-packages/pymule/batch/dsl.py", line 261, in process
    yield from child.process(variables)
  File "/home/marialei/mcmule-environment/lib/python3.12/site-packages/pymule/batch/dsl.py", line 123, in process
    self.lock_exe()
  File "/home/marialei/mcmule-environment/lib/python3.12/site-packages/pymule/batch/dsl.py", line 108, in lock_exe
    assert exe.exists()
           ^^^^^^^^^^^^
AssertionError
Traceback (most recent call last):
  File "/home/marialei/mcmule-environment/bin/pymule", line 8, in <module>
    sys.exit(main())
             ^^^^^^
  File "/home/marialei/mcmule-environment/lib/python3.12/site-packages/pymule/cmd/__main__.py", line 37, in main
    parsed.func(parsed)
  File "/home/marialei/mcmule-environment/lib/python3.12/site-packages/pymule/batch/__init__.py", line 31, in main
    for job in DSL(fp.read()).jobs
               ^^^^^^^^^^^^^^
  File "/home/marialei/mcmule-environment/lib/python3.12/site-packages/pymule/batch/dsl.py", line 342, in __init__
    root.process_root()
  File "/home/marialei/mcmule-environment/lib/python3.12/site-packages/pymule/batch/dsl.py", line 270, in process_root
    self.jobs = [i for i in super().process(self.variables) if i]
                ^^^^^^^^^^^^^^^^^^^^^^^^^^^^^^^^^^^^^^^^^^^^^^^^^
  File "/home/marialei/mcmule-environment/lib/python3.12/site-packages/pymule/batch/dsl.py", line 261, in process
    yield from child.process(variables)
  File "/home/marialei/mcmule-environment/lib/python3.12/site-packages/pymule/batch/dsl.py", line 123, in process
    self.lock_exe()
  File "/home/marialei/mcmule-environment/lib/python3.12/site-packages/pymule/batch/dsl.py", line 108, in lock_exe
    assert exe.exists()
           ^^^^^^^^^^^^
AssertionError
Starting job mp2mp0-X1.0D1.0-S97913-O0_1766396357 at 1766396357.983674
Starting job mp2mp0-X1.0D1.0-S20024-O0_1766396357 at 1766396358.9844737
Starting job mp2mp0-X1.0D1.0-S11920-O0_1766396357 at 1766396359.9852195
Starting job mp2mp0-X1.0D1.0-S26134-O0_1766397247 at 1766397247.360737
Starting job mp2mp0-X1.0D1.0-S78418-O0_1766397247 at 1766397248.3617454
Starting job mp2mpF-X0.1D0.1-S96362-O0_1766397247 at 1766397249.3630877
Starting job mp2mpF-X0.1D0.1-S99489-O0_1766398122 at 1766398122.3569858
Starting job mp2mpF-X0.1D0.1-S27458-O0_1766398122 at 1766398123.3579211
Starting job mp2mpF-X0.1D0.1-S19472-O0_1766398122 at 1766398124.3591166
Starting job mp2mpF-X0.1D0.1-S79098-O0_1766399397 at 1766399397.173849
Starting job mp2mpR-X0.1D0.1-S14543-O0_1766399397 at 1766399398.174836
Starting job mp2mpR-X0.1D0.1-S56621-O0_1766399397 at 1766399399.1756637
Starting job mp2mpR-X0.1D0.1-S18766-O0_1766400255 at 1766400255.1023588
Starting job mp2mpR-X0.1D0.1-S73337-O0_1766400255 at 1766400256.1030982
Starting job mp2mpR-X0.1D0.1-S54705-O0_1766400255 at 1766400257.103926
Starting job mp2mpA-X1.0D1.0-S46639-O0_1766400706 at 1766400706.999366
Starting job mp2mpA-X1.0D1.0-S88911-O0_1766400706 at 1766400708.0000765
Starting job mp2mpA-X1.0D1.0-S98815-O0_1766400706 at 1766400709.0009103
Starting job mp2mpA-X1.0D1.0-S93482-O0_1766401284 at 1766401284.1619813
Starting job mp2mpA-X1.0D1.0-S72389-O0_1766401284 at 1766401285.1630943
